🚀 [Antigravity] Starting Full Autonomous Creation & Execution Cycle...
🧹 [Antigravity] Cleared existing pending orders.
🌟 [Jules-General] Beginning Autonomous Work Cycle...
⚠️ [Autonomous Core] Missing production credentials. System running in limited observability mode.
🚀 [Antigravity Explorer] Starting autonomous scan...
🧠 [Antigravity Evolution] Commencing cognitive analysis...
✨ [Evolution Report]: Found 1 potential optimizations.
🔮 [Antigravity Synthesis] Ideating new architectural features...
✅ [Explorer] Cycle Complete. Status: DEGRADED
🧠 [Knowledge Observer] Scanning https://software-online-review.com for market intelligence...
✅ [KnowledgeObserver] Persisted "software info by fk – software-online-review – Filip Keser" to /app/data/knowledge
ℹ️ [Knowledge Observer] Insight for https://software-online-review.com already exists in KNOWLEDGE_MERGE.md.
✅ [KnowledgeObserver] Persisted "intelephense_docs.md" to /app/data/knowledge
📚 [Jules-General] Observing technical documentation from GitHub...
📡 [GithubDocsObserver] Fetching: bmewburn/intelephense-docs/README.md...
✅ [KnowledgeObserver] Persisted "Intelephense: README" to /app/data/knowledge
 ✅ [Jules] Ingested and Processed: README.md
📡 [GithubDocsObserver] Fetching: bmewburn/intelephense-docs/installation.md...
✅ [KnowledgeObserver] Persisted "Intelephense: installation" to /app/data/knowledge
 ✅ [Jules] Ingested and Processed: installation.md
📡 [GithubDocsObserver] Fetching: bmewburn/intelephense-docs/gettingStarted.md...
✅ [KnowledgeObserver] Persisted "Intelephense: gettingStarted" to /app/data/knowledge
 ✅ [Jules] Ingested and Processed: gettingStarted.md
📡 [GithubDocsObserver] Fetching: bmewburn/intelephense-docs/features.md...
✅ [KnowledgeObserver] Persisted "Intelephense: features" to /app/data/knowledge
 ✅ [Jules] Ingested and Processed: features.md
📡 [GithubDocsObserver] Fetching: bmewburn/intelephense-docs/support.md...
✅ [KnowledgeObserver] Persisted "Intelephense: support" to /app/data/knowledge
 ✅ [Jules] Ingested and Processed: support.md
🔧 [Jules-General] Starting autonomous self-repair cycle...
🧠 [Antigravity Evolution] Commencing cognitive analysis...
✨ [Evolution Report]: Found 1 potential optimizations.
🛠️ [Antigravity Evolution] Applying autonomous fixes...
✅ [Antigravity Evolution] Autocorrection complete.
🔄 [Jules-General] Commencing autonomous Git synchronization...
