
> my-app@0.1.0 daily
> tsx --env-file=.env -e "import { jules } from './antigravity/jules'; jules.executeWorkCycle()"

🌟 [Jules] Beginning Autonomous Work Cycle...
🚀 [Antigravity Explorer] Starting autonomous scan...
🔍 Scanning database clusters...
🔍 Validating environment variables...
🧠 [Antigravity Evolution] Commencing cognitive analysis...
✨ [Evolution Report]: Found 1 potential optimizations.
🔮 [Antigravity Synthesis] Ideating new architectural features...
🔍 Analyzing autonomous patterns...
📊 [Explorer Report]: {
  "timestamp": "2026-04-20T22:00:16.325Z",
  "connectivity": {
    "mongodb": "error",
    "supabase": "connected",
    "timestamp": "2026-04-20T22:00:16.326Z"
  },
  "environment": {
    "MONGODB_URI": "present",
    "NEXT_PUBLIC_SUPABASE_URL": "present",
    "NEXT_PUBLIC_SUPABASE_ANON_KEY": "present"
  },
  "health": "DEGRADED",
  "evolution": [
    {
      "file": "/app/page.tsx",
      "complexity": 329,
      "suggestion": "ARCHITECTURAL_DRIFT: File exceeds complexity limits."
    }
  ],
  "synthesis": [],
  "autonomous": {
    "strategy": "cognitive-synthesis",
    "engine": "Phase 7 Synthesis Brain",
    "circuitBreakers": "active",
    "status": "SYNTHESIZING"
  }
}
🔧 [Jules] Starting autonomous self-repair cycle...
🧠 [Antigravity Evolution] Commencing cognitive analysis...
✨ [Evolution Report]: Found 1 potential optimizations.
🛠️ [Antigravity Evolution] Applying autonomous fixes...
✅ [Antigravity Evolution] Autocorrection complete.
🧪 [Jules] Verifying fixes...
✅ [Jules] All tests passed after self-repair.
🔄 [Jules] Commencing autonomous Git synchronization...
