🚀 [Antigravity] Igniting Consolidated Sovereign Fleet in /Users/filipkeser/Documents/Antigravity...
🐳 [Docker] Initializing core containers...
🧠 [Jules] Commencing initial autonomous work cycle...

> jules-cli@1.0.0 daily
> tsx scripts/run_daily.ts

🧹 [Cleanup] Clearing legacy network ports...
No existing dev servers found.
🌐 [Web-App] Handing off to dedicated com.sigma.web_app service...
✅ [Antigravity] Fleet Orchestration Sequence Complete.
🌍 Executive Dashboard managed by com.sigma.web_app
🤖 Jules Persistent Intelligence is active.
🚀 [Antigravity] Igniting Consolidated Sovereign Fleet in /Users/filipkeser/Documents/Antigravity...
🐳 [Docker] Initializing core containers...
🧠 [Jules] Commencing initial autonomous work cycle...

> jules-cli@1.0.0 daily
> tsx scripts/run_daily.ts

🧹 [Cleanup] Clearing legacy network ports...
No existing dev servers found.
🌐 [Web-App] Handing off to dedicated com.sigma.web_app service...
✅ [Antigravity] Fleet Orchestration Sequence Complete.
🌍 Executive Dashboard managed by com.sigma.web_app
🤖 Jules Persistent Intelligence is active.
🚀 [Antigravity] Igniting Consolidated Sovereign Fleet in /Users/filipkeser/Documents/Antigravity...
🐳 [Docker] Initializing core containers...
🧠 [Jules] Commencing initial autonomous work cycle...

> jules-cli@1.0.0 daily
> tsx scripts/run_daily.ts

🧹 [Cleanup] Clearing legacy network ports...
No existing dev servers found.
🌐 [Web-App] Handing off to dedicated com.sigma.web_app service...
✅ [Antigravity] Fleet Orchestration Sequence Complete.
🌍 Executive Dashboard managed by com.sigma.web_app
🤖 Jules Persistent Intelligence is active.
🚀 [Antigravity] Igniting Consolidated Sovereign Fleet in /Users/filipkeser/Documents/Antigravity...
🐳 [Docker] Initializing core containers...
🧠 [Jules] Commencing initial autonomous work cycle...

> jules-cli@1.0.0 daily
> tsx scripts/run_daily.ts

🧹 [Cleanup] Clearing legacy network ports...
No existing dev servers found.
🌐 [Web-App] Handing off to dedicated com.sigma.web_app service...
✅ [Antigravity] Fleet Orchestration Sequence Complete.
🌍 Executive Dashboard managed by com.sigma.web_app
🤖 Jules Persistent Intelligence is active.
🚀 [Antigravity] Igniting Consolidated Sovereign Fleet in /Users/filipkeser/Documents/Antigravity...
🐳 [Docker] Initializing core containers...
🧠 [Jules] Commencing initial autonomous work cycle...

> jules-cli@1.0.0 daily
> tsx scripts/run_daily.ts

🧹 [Cleanup] Clearing legacy network ports...
No existing dev servers found.
🌐 [Web-App] Handing off to dedicated com.sigma.web_app service...
✅ [Antigravity] Fleet Orchestration Sequence Complete.
🌍 Executive Dashboard managed by com.sigma.web_app
🤖 Jules Persistent Intelligence is active.
🚀 [Antigravity] Igniting Consolidated Sovereign Fleet in /Users/filipkeser/Documents/Antigravity...
🐳 [Docker] Initializing core containers...
🧠 [Jules] Commencing initial autonomous work cycle...

> jules-cli@1.0.0 daily
> tsx scripts/run_daily.ts

🧹 [Cleanup] Clearing legacy network ports...
No existing dev servers found.
🌐 [Web-App] Handing off to dedicated com.sigma.web_app service...
✅ [Antigravity] Fleet Orchestration Sequence Complete.
🌍 Executive Dashboard managed by com.sigma.web_app
🤖 Jules Persistent Intelligence is active.
🚀 [Antigravity] Igniting Consolidated Sovereign Fleet in /Users/filipkeser/Documents/Antigravity...
🐳 [Docker] Initializing core containers...
🧠 [Jules] Commencing initial autonomous work cycle...

> jules-cli@1.0.0 daily
> tsx scripts/run_daily.ts

🧹 [Cleanup] Clearing legacy network ports...
No existing dev servers found.
🌐 [Web-App] Handing off to dedicated com.sigma.web_app service...
✅ [Antigravity] Fleet Orchestration Sequence Complete.
🌍 Executive Dashboard managed by com.sigma.web_app
🤖 Jules Persistent Intelligence is active.
🚀 [Antigravity] Igniting Consolidated Sovereign Fleet in /Users/filipkeser/Documents/Antigravity...
🐳 [Docker] Initializing core containers...
🧠 [Jules] Commencing initial autonomous work cycle...

> jules-cli@1.0.0 daily
> tsx scripts/run_daily.ts

🧹 [Cleanup] Clearing legacy network ports...
No existing dev servers found.
🌐 [Web-App] Handing off to dedicated com.sigma.web_app service...
✅ [Antigravity] Fleet Orchestration Sequence Complete.
🌍 Executive Dashboard managed by com.sigma.web_app
🤖 Jules Persistent Intelligence is active.
🚀 [Antigravity] Igniting Consolidated Sovereign Fleet in /Users/filipkeser/Documents/Antigravity...
🐳 [Docker] Initializing core containers...
🧠 [Jules] Commencing initial autonomous work cycle...

> jules-cli@1.0.0 daily
> tsx scripts/run_daily.ts

🧹 [Cleanup] Clearing legacy network ports...
No existing dev servers found.
🌐 [Web-App] Handing off to dedicated com.sigma.web_app service...
✅ [Antigravity] Fleet Orchestration Sequence Complete.
🌍 Executive Dashboard managed by com.sigma.web_app
🤖 Jules Persistent Intelligence is active.
🚀 [Antigravity] Igniting Consolidated Sovereign Fleet in /Users/filipkeser/Documents/Antigravity...
🐳 [Docker] Initializing core containers...
🧠 [Jules] Commencing initial autonomous work cycle...

> jules-cli@1.0.0 daily
> tsx scripts/run_daily.ts

🧹 [Cleanup] Clearing legacy network ports...
No existing dev servers found.
🌐 [Web-App] Handing off to dedicated com.sigma.web_app service...
✅ [Antigravity] Fleet Orchestration Sequence Complete.
🌍 Executive Dashboard managed by com.sigma.web_app
🤖 Jules Persistent Intelligence is active.
🚀 [Antigravity] Igniting Consolidated Sovereign Fleet in /Users/filipkeser/Documents/Antigravity...
🐳 [Docker] Initializing core containers...
🧠 [Jules] Commencing initial autonomous work cycle...

> jules-cli@1.0.0 daily
> tsx scripts/run_daily.ts

🧹 [Cleanup] Clearing legacy network ports...
No existing dev servers found.
🌐 [Web-App] Handing off to dedicated com.sigma.web_app service...
✅ [Antigravity] Fleet Orchestration Sequence Complete.
🌍 Executive Dashboard managed by com.sigma.web_app
🤖 Jules Persistent Intelligence is active.
🚀 [Antigravity] Igniting Consolidated Sovereign Fleet in /Users/filipkeser/Documents/Antigravity...
🐳 [Docker] Initializing core containers...
🧠 [Jules] Commencing initial autonomous work cycle...

> jules-cli@1.0.0 daily
> tsx scripts/run_daily.ts

🧹 [Cleanup] Clearing legacy network ports...
No existing dev servers found.
🌐 [Web-App] Handing off to dedicated com.sigma.web_app service...
✅ [Antigravity] Fleet Orchestration Sequence Complete.
🌍 Executive Dashboard managed by com.sigma.web_app
🤖 Jules Persistent Intelligence is active.
🚀 [Antigravity] Igniting Consolidated Sovereign Fleet in /Users/filipkeser/Documents/Antigravity...
🐳 [Docker] Initializing core containers...
🧠 [Jules] Commencing initial autonomous work cycle...

> jules-cli@1.0.0 daily
> tsx scripts/run_daily.ts

🧹 [Cleanup] Clearing legacy network ports...
No existing dev servers found.
🌐 [Web-App] Handing off to dedicated com.sigma.web_app service...
✅ [Antigravity] Fleet Orchestration Sequence Complete.
🌍 Executive Dashboard managed by com.sigma.web_app
🤖 Jules Persistent Intelligence is active.
🚀 [Antigravity] Igniting Consolidated Sovereign Fleet in /Users/filipkeser/Documents/Antigravity...
🐳 [Docker] Initializing core containers...
🧠 [Jules] Commencing initial autonomous work cycle...

> jules-cli@1.0.0 daily
> tsx scripts/run_daily.ts

🧹 [Cleanup] Clearing legacy network ports...
No existing dev servers found.
🌐 [Web-App] Handing off to dedicated com.sigma.web_app service...
✅ [Antigravity] Fleet Orchestration Sequence Complete.
🌍 Executive Dashboard managed by com.sigma.web_app
🤖 Jules Persistent Intelligence is active.
🚀 [Antigravity] Igniting Consolidated Sovereign Fleet in /Users/filipkeser/Documents/Antigravity...
🐳 [Docker] Initializing core containers...
🧠 [Jules] Commencing initial autonomous work cycle...

> jules-cli@1.0.0 daily
> tsx scripts/run_daily.ts

🧹 [Cleanup] Clearing legacy network ports...
No existing dev servers found.
🌐 [Web-App] Handing off to dedicated com.sigma.web_app service...
✅ [Antigravity] Fleet Orchestration Sequence Complete.
🌍 Executive Dashboard managed by com.sigma.web_app
🤖 Jules Persistent Intelligence is active.
🚀 [Antigravity] Igniting Consolidated Sovereign Fleet in /Users/filipkeser/Documents/Antigravity...
🐳 [Docker] Initializing core containers...
🧠 [Jules] Commencing initial autonomous work cycle...
🧹 [Cleanup] Clearing legacy network ports...
No existing dev servers found.
🌐 [Web-App] Handing off to dedicated com.sigma.web_app service...
✅ [Antigravity] Fleet Orchestration Sequence Complete.
🌍 Executive Dashboard managed by com.sigma.web_app
🤖 Jules Persistent Intelligence is active.
🚀 [Antigravity] Igniting Consolidated Sovereign Fleet in /Users/filipkeser/Documents/Antigravity...
🐳 [Docker] Initializing core containers...
🧠 [Jules] Commencing initial autonomous work cycle...
🧹 [Cleanup] Clearing legacy network ports...
No existing dev servers found.
🌐 [Web-App] Handing off to dedicated com.sigma.web_app service...
✅ [Antigravity] Fleet Orchestration Sequence Complete.
🌍 Executive Dashboard managed by com.sigma.web_app
🤖 Jules Persistent Intelligence is active.
🚀 [Antigravity] Igniting Consolidated Sovereign Fleet in /Users/filipkeser/Documents/Antigravity...
🐳 [Docker] Initializing core containers...
🧠 [Jules] Commencing initial autonomous work cycle...
🧹 [Cleanup] Clearing legacy network ports...
No existing dev servers found.
🌐 [Web-App] Handing off to dedicated com.sigma.web_app service...
✅ [Antigravity] Fleet Orchestration Sequence Complete.
🌍 Executive Dashboard managed by com.sigma.web_app
🤖 Jules Persistent Intelligence is active.
🚀 [Antigravity] Igniting Consolidated Sovereign Fleet in /Users/filipkeser/Documents/Antigravity...
🐳 [Docker] Initializing core containers...
🧠 [Jules] Commencing initial autonomous work cycle...
🧹 [Cleanup] Clearing legacy network ports...
No existing dev servers found.
🌐 [Web-App] Handing off to dedicated com.sigma.web_app service...
✅ [Antigravity] Fleet Orchestration Sequence Complete.
🌍 Executive Dashboard managed by com.sigma.web_app
🤖 Jules Persistent Intelligence is active.
🚀 [Antigravity] Igniting Consolidated Sovereign Fleet in /Users/filipkeser/Documents/Antigravity...
🐳 [Docker] Initializing core containers...
🧠 [Jules] Commencing initial autonomous work cycle...
🧹 [Cleanup] Clearing legacy network ports...
No existing dev servers found.
🌐 [Web-App] Handing off to dedicated com.sigma.web_app service...
✅ [Antigravity] Fleet Orchestration Sequence Complete.
🌍 Executive Dashboard managed by com.sigma.web_app
🤖 Jules Persistent Intelligence is active.
🚀 [Antigravity] Igniting Consolidated Sovereign Fleet in /Users/filipkeser/Documents/Antigravity...
🐳 [Docker] Initializing core containers...
🧠 [Jules] Commencing initial autonomous work cycle...
🧹 [Cleanup] Clearing legacy network ports...
No existing dev servers found.
🌐 [Web-App] Handing off to dedicated com.sigma.web_app service...
✅ [Antigravity] Fleet Orchestration Sequence Complete.
🌍 Executive Dashboard managed by com.sigma.web_app
🤖 Jules Persistent Intelligence is active.
🚀 [Antigravity] Igniting Consolidated Sovereign Fleet in /Users/filipkeser/Documents/Antigravity...
🐳 [Docker] Initializing core containers...
🧠 [Jules] Commencing initial autonomous work cycle...
🧹 [Cleanup] Clearing legacy network ports...
No existing dev servers found.
🌐 [Web-App] Handing off to dedicated com.sigma.web_app service...
✅ [Antigravity] Fleet Orchestration Sequence Complete.
🌍 Executive Dashboard managed by com.sigma.web_app
🤖 Jules Persistent Intelligence is active.
🚀 [Antigravity] Igniting Consolidated Sovereign Fleet in /Users/filipkeser/Documents/Antigravity...
🐳 [Docker] Initializing core containers...
🧠 [Jules] Commencing initial autonomous work cycle...
🧹 [Cleanup] Clearing legacy network ports...
No existing dev servers found.
🌐 [Web-App] Handing off to dedicated com.sigma.web_app service...
✅ [Antigravity] Fleet Orchestration Sequence Complete.
🌍 Executive Dashboard managed by com.sigma.web_app
🤖 Jules Persistent Intelligence is active.
🚀 [Antigravity] Igniting Consolidated Sovereign Fleet in /Users/filipkeser/Documents/Antigravity...
🐳 [Docker] Initializing core containers...
🧠 [Jules] Commencing initial autonomous work cycle...
🧹 [Cleanup] Clearing legacy network ports...
No existing dev servers found.
🌐 [Web-App] Handing off to dedicated com.sigma.web_app service...
✅ [Antigravity] Fleet Orchestration Sequence Complete.
🌍 Executive Dashboard managed by com.sigma.web_app
🤖 Jules Persistent Intelligence is active.
🚀 [Antigravity] Igniting Consolidated Sovereign Fleet in /Users/filipkeser/Documents/Antigravity...
🐳 [Docker] Initializing core containers...
🧠 [Jules] Commencing initial autonomous work cycle...
🧹 [Cleanup] Clearing legacy network ports...
No existing dev servers found.
🌐 [Web-App] Handing off to dedicated com.sigma.web_app service...
✅ [Antigravity] Fleet Orchestration Sequence Complete.
🌍 Executive Dashboard managed by com.sigma.web_app
🤖 Jules Persistent Intelligence is active.
🚀 [Antigravity] Igniting Consolidated Sovereign Fleet in /Users/filipkeser/Documents/Antigravity...
🐳 [Docker] Initializing core containers...
🧠 [Jules] Commencing initial autonomous work cycle...
🧹 [Cleanup] Clearing legacy network ports...
No existing dev servers found.
🌐 [Web-App] Handing off to dedicated com.sigma.web_app service...
✅ [Antigravity] Fleet Orchestration Sequence Complete.
🌍 Executive Dashboard managed by com.sigma.web_app
🤖 Jules Persistent Intelligence is active.
🚀 [Antigravity] Igniting Consolidated Sovereign Fleet in /Users/filipkeser/Documents/Antigravity...
🐳 [Docker] Initializing core containers...
🧠 [Jules] Commencing initial autonomous work cycle...
🧹 [Cleanup] Clearing legacy network ports...
No existing dev servers found.
🌐 [Web-App] Handing off to dedicated com.sigma.web_app service...
✅ [Antigravity] Fleet Orchestration Sequence Complete.
🌍 Executive Dashboard managed by com.sigma.web_app
🤖 Jules Persistent Intelligence is active.
🚀 [Antigravity] Igniting Consolidated Sovereign Fleet in /Users/filipkeser/Documents/Antigravity...
🐳 [Docker] Initializing core containers...
🧠 [Jules] Commencing initial autonomous work cycle...
🧹 [Cleanup] Clearing legacy network ports...
No existing dev servers found.
🌐 [Web-App] Handing off to dedicated com.sigma.web_app service...
✅ [Antigravity] Fleet Orchestration Sequence Complete.
🌍 Executive Dashboard managed by com.sigma.web_app
🤖 Jules Persistent Intelligence is active.
🚀 [Antigravity] Igniting Consolidated Sovereign Fleet in /Users/filipkeser/Documents/Antigravity...
🐳 [Docker] Initializing core containers...
🧠 [Jules] Commencing initial autonomous work cycle...
🧹 [Cleanup] Clearing legacy network ports...
No existing dev servers found.
🌐 [Web-App] Handing off to dedicated com.sigma.web_app service...
✅ [Antigravity] Fleet Orchestration Sequence Complete.
🌍 Executive Dashboard managed by com.sigma.web_app
🤖 Jules Persistent Intelligence is active.
🚀 [Antigravity] Igniting Consolidated Sovereign Fleet in /Users/filipkeser/Documents/Antigravity...
🐳 [Docker] Initializing core containers...
🧠 [Jules] Commencing initial autonomous work cycle...
🧹 [Cleanup] Clearing legacy network ports...
No existing dev servers found.
🌐 [Web-App] Handing off to dedicated com.sigma.web_app service...
✅ [Antigravity] Fleet Orchestration Sequence Complete.
🌍 Executive Dashboard managed by com.sigma.web_app
🤖 Jules Persistent Intelligence is active.
🚀 [Antigravity] Igniting Consolidated Sovereign Fleet in /Users/filipkeser/Documents/Antigravity...
🐳 [Docker] Initializing core containers...
🧠 [Jules] Commencing initial autonomous work cycle...
🧹 [Cleanup] Clearing legacy network ports...
No existing dev servers found.
🌐 [Web-App] Handing off to dedicated com.sigma.web_app service...
✅ [Antigravity] Fleet Orchestration Sequence Complete.
🌍 Executive Dashboard managed by com.sigma.web_app
🤖 Jules Persistent Intelligence is active.
🚀 [Antigravity] Igniting Consolidated Sovereign Fleet in /Users/filipkeser/Documents/Antigravity...
🐳 [Docker] Initializing core containers...
🧠 [Jules] Commencing initial autonomous work cycle...
