
--- ANTIGRAVITY COLLABORATION SUMMARY ---
Timestamp: 2026-06-26T21:38:50.818Z
Mission: Autonomous Evolution
Docker Status: optimal (0 containers)
Intelligence: 2731 branches synchronized, 0 tasks pending.

Stakeholders notified:
 - Filip Keser (Founder) (filip@example.com)
 - Jules (Lead Architect) (jules@antigravity.ai)
 - Sigma Bot (Operations) (sigma@antigravity.ai)
------------------------------------------

--- ANTIGRAVITY COLLABORATION SUMMARY ---
Timestamp: 2026-06-26T21:47:53.452Z
Mission: Autonomous Evolution
Docker Status: optimal (0 containers)
Intelligence: 2731 branches synchronized, 0 tasks pending.

Stakeholders notified:
 - Filip Keser (Founder) (filip@example.com)
 - Jules (Lead Architect) (jules@antigravity.ai)
 - Sigma Bot (Operations) (sigma@antigravity.ai)
------------------------------------------

--- ANTIGRAVITY COLLABORATION SUMMARY ---
Timestamp: 2026-06-26T21:49:08.921Z
Mission: Autonomous Evolution
Docker Status: optimal (0 containers)
Intelligence: 2731 branches synchronized, 0 tasks pending.

Stakeholders notified:
 - Filip Keser (Founder) (filip@example.com)
 - Jules (Lead Architect) (jules@antigravity.ai)
 - Sigma Bot (Operations) (sigma@antigravity.ai)
------------------------------------------
